>>>>>>>>>>>>>>>>>>>>>>>>>>>>>>>>>>>>>>>>>>>>>>>>>>>>>>>>>>>>>>>>>>>>>>>>>>>>>>
>>>> Toolkit for HEP Event Generation - ThePEG 72c02dbb1f8d (release-2-1) <<<<
<<<<<<<<<<<<<<<<<<<<<<<<<<<<<<<<<<<<<<<<<<<<<<<<<<<<<<<<<<<<<<<<<<<<<<<<<<<<<<

>> Herwig dd9178836fc4 (herwig-7-1) / ThePEG 72c02dbb1f8d (release-2-1)

==============================================================================
Statistics for event handler 'EventHandler':
                                       generated    number of    Cross-section
                                          events     attempts             (nb)
==============================================================================
Total (from   weighted events): including vetoed events            32.7(3)e-03
==============================================================================
Total (from unweighted events):            10000        10000      32.7(3)e-03
==============================================================================
Per matrix element breakdown:
ME[g,g->h0].BornVirtual                    10000        10000      32.7(3)e-03
==============================================================================
